tosca_definitions_version: tosca_variability_1_0

topology_template:
    variability:
        options:
            optimization_technologies: false
            technology_pruning: false
            technology_constraint: false

            expected_technology_check: true

    node_templates:
        container:
            type: container
            technology:
                - ansible:
                      conditions: false
