error: Node "container" expected to have a technology
